0 verbose cli /usr/local/bin/node /usr/local/bin/npm
1 info using npm@12.0.2
2 info using node@v24.21.0
3 silly config load:file:/usr/local/lib/node_modules/npm/npmrc
4 silly config load:file:/home/container/.npmrc
5 silly config load:file:/usr/local/etc/npmrc
6 verbose title npm install
7 verbose argv "install"
8 verbose logfile logs-max:10 dir:/home/container/.npm/_logs/2026-09-24T17_13_22_089Z-
9 verbose logfile /home/container/.npm/_logs/2026-09-24T17_13_22_089Z-debug-0.log
10 silly logfile start cleaning logs, removing 1 files
11 silly logfile done cleaning log files
12 silly packumentCache heap:1407188992 maxSize:351797248 maxEntrySize:175898624
13 silly idealTree buildDeps
14 silly reify moves {}
15 silly audit bulk request {
15 silly audit   '@borewit/text-codec': [ '0.2.2' ],
15 silly audit   '@cacheable/memory': [ '2.2.0' ],
15 silly audit   '@cacheable/node-cache': [ '1.7.6' ],
15 silly audit   '@cacheable/utils': [ '2.5.0' ],
15 silly audit   '@cypress/request': [ '3.0.10' ],
15 silly audit   '@cypress/request-promise': [ '5.0.0' ],
15 silly audit   'tough-cookie': [ '4.1.4', '2.5.0', '5.1.2' ],
15 silly audit   '@emnapi/runtime': [ '1.11.3' ],
15 silly audit   '@hapi/boom': [ '9.1.4' ],
15 silly audit   '@hapi/hoek': [ '9.3.0' ],
15 silly audit   '@img/colour': [ '1.1.0' ],
15 silly audit   '@img/sharp-darwin-arm64': [ '0.35.4' ],
15 silly audit   '@img/sharp-darwin-x64': [ '0.35.4' ],
15 silly audit   '@img/sharp-freebsd-wasm32': [ '0.35.4' ],
15 silly audit   '@img/sharp-libvips-darwin-arm64': [ '1.3.3' ],
15 silly audit   '@img/sharp-libvips-darwin-x64': [ '1.3.3' ],
15 silly audit   '@img/sharp-libvips-linux-arm': [ '1.3.3' ],
15 silly audit   '@img/sharp-libvips-linux-arm64': [ '1.3.3' ],
15 silly audit   '@img/sharp-libvips-linux-ppc64': [ '1.3.3' ],
15 silly audit   '@img/sharp-libvips-linux-riscv64': [ '1.3.3' ],
15 silly audit   '@img/sharp-libvips-linux-s390x': [ '1.3.3' ],
15 silly audit   '@img/sharp-libvips-linux-x64': [ '1.3.3' ],
15 silly audit   '@img/sharp-libvips-linuxmusl-arm64': [ '1.3.3' ],
15 silly audit   '@img/sharp-libvips-linuxmusl-x64': [ '1.3.3' ],
15 silly audit   '@img/sharp-linux-arm': [ '0.35.4' ],
15 silly audit   '@img/sharp-linux-arm64': [ '0.35.4' ],
15 silly audit   '@img/sharp-linux-ppc64': [ '0.35.4' ],
15 silly audit   '@img/sharp-linux-riscv64': [ '0.35.4' ],
15 silly audit   '@img/sharp-linux-s390x': [ '0.35.4' ],
15 silly audit   '@img/sharp-linux-x64': [ '0.35.4' ],
15 silly audit   '@img/sharp-linuxmusl-arm64': [ '0.35.4' ],
15 silly audit   '@img/sharp-linuxmusl-x64': [ '0.35.4' ],
15 silly audit   '@img/sharp-wasm32': [ '0.35.4' ],
15 silly audit   '@img/sharp-webcontainers-wasm32': [ '0.35.4' ],
15 silly audit   '@img/sharp-win32-arm64': [ '0.35.4' ],
15 silly audit   '@img/sharp-win32-ia32': [ '0.35.4' ],
15 silly audit   '@img/sharp-win32-x64': [ '0.35.4' ],
15 silly audit   '@keyv/bigmap': [ '1.3.1' ],
15 silly audit   '@keyv/serialize': [ '1.1.1' ],
15 silly audit   '@pinojs/redact': [ '0.4.0' ],
15 silly audit   '@protobufjs/aspromise': [ '1.1.2' ],
15 silly audit   '@protobufjs/base64': [ '1.1.2' ],
15 silly audit   '@protobufjs/codegen': [ '2.0.5' ],
15 silly audit   '@protobufjs/eventemitter': [ '1.1.1' ],
15 silly audit   '@protobufjs/fetch': [ '1.1.1' ],
15 silly audit   '@protobufjs/float': [ '1.0.2' ],
15 silly audit   '@protobufjs/path': [ '1.1.2' ],
15 silly audit   '@protobufjs/pool': [ '1.1.0' ],
15 silly audit   '@protobufjs/utf8': [ '1.1.2' ],
15 silly audit   '@sabir7718/log': [ '1.0.3' ],
15 silly audit   '@tokenizer/inflate': [ '0.4.1' ],
15 silly audit   '@tokenizer/token': [ '0.3.0' ],
15 silly audit   '@types/node': [ '26.6.2' ],
15 silly audit   '@whiskeysockets/baileys': [ '7.0.0-rc14' ],
15 silly audit   pino: [ '9.14.0', '10.3.1' ],
15 silly audit   'pino-abstract-transport': [ '2.0.0', '3.0.0' ],
15 silly audit   'thread-stream': [ '3.2.0', '4.2.0' ],
15 silly audit   ajv: [ '6.15.0' ],
15 silly audit   'array-buffer-byte-length': [ '1.0.2' ],
15 silly audit   'array.prototype.findindex': [ '2.2.4' ],
15 silly audit   'arraybuffer.prototype.slice': [ '1.0.4' ],
15 silly audit   asn1: [ '0.2.6' ],
15 silly audit   'assert-plus': [ '1.0.0' ],
15 silly audit   'async-function': [ '1.0.0' ],
15 silly audit   'async-mutex': [ '0.5.0' ],
15 silly audit   asynckit: [ '0.4.0' ],
15 silly audit   'atomic-sleep': [ '1.0.0' ],
15 silly audit   'available-typed-arrays': [ '1.0.7' ],
15 silly audit   'aws-sign2': [ '0.7.0' ],
15 silly audit   aws4: [ '1.13.2' ],
15 silly audit   'bcrypt-pbkdf': [ '1.0.2' ],
15 silly audit   bl: [ '1.2.3' ],
15 silly audit   bluebird: [ '3.7.2' ],
15 silly audit   cacheable: [ '2.5.0' ],
15 silly audit   'call-bind': [ '1.0.9' ],
15 silly audit   'call-bind-apply-helpers': [ '1.0.2' ],
15 silly audit   'call-bound': [ '1.0.4' ],
15 silly audit   caseless: [ '0.12.0' ],
15 silly audit   chalk: [ '5.6.2' ],
15 silly audit   clone: [ '2.1.2' ],
15 silly audit   'combined-stream': [ '1.0.8' ],
15 silly audit   'content-type': [ '2.1.0' ],
15 silly audit   'core-util-is': [ '1.0.3', '1.0.2' ],
15 silly audit   crypto: [ '1.0.1' ],
15 silly audit   'curve25519-js': [ '0.0.4' ],
15 silly audit   dashdash: [ '1.14.1' ],
15 silly audit   'data-view-buffer': [ '1.0.2' ],
15 silly audit   'data-view-byte-length': [ '1.0.2' ],
15 silly audit   'data-view-byte-offset': [ '1.0.1' ],
15 silly audit   debug: [ '4.4.3', '3.2.7' ],
15 silly audit   'define-data-property': [ '1.1.4' ],
15 silly audit   'define-properties': [ '1.2.1' ],
15 silly audit   'delayed-stream': [ '1.0.0' ],
15 silly audit   'detect-libc': [ '2.1.2' ],
15 silly audit   'dunder-proto': [ '1.0.1' ],
15 silly audit   'ecc-jsbn': [ '0.1.2' ],
15 silly audit   'end-of-stream': [ '1.4.5' ],
15 silly audit   'es-abstract': [ '1.24.2' ],
15 silly audit   'es-abstract-get': [ '1.0.0' ],
15 silly audit   'es-define-property': [ '1.0.1' ],
15 silly audit   'es-errors': [ '1.3.0' ],
15 silly audit   'es-object-atoms': [ '1.1.2' ],
15 silly audit   'es-set-tostringtag': [ '2.1.0' ],
15 silly audit   'es-shim-unscopables': [ '1.1.0' ],
15 silly audit   'es-to-primitive': [ '1.3.4' ],
15 silly audit   eventemitter3: [ '3.1.2', '5.0.4' ],
15 silly audit   extend: [ '3.0.2' ],
15 silly audit   extsprintf: [ '1.3.0' ],
15 silly audit   'fast-deep-equal': [ '3.1.3' ],
15 silly audit   'fast-json-stable-stringify': [ '2.1.0' ],
15 silly audit   'file-type': [ '21.3.4', '3.9.0' ],
15 silly audit   'for-each': [ '0.3.5' ],
15 silly audit   'forever-agent': [ '0.6.1' ],
15 silly audit   'form-data': [ '4.0.6', '2.3.3' ],
15 silly audit   'function-bind': [ '1.1.2' ],
15 silly audit   'function.prototype.name': [ '1.2.0' ],
15 silly audit   'functions-have-names': [ '1.2.3' ],
15 silly audit   'generator-function': [ '2.0.1' ],
15 silly audit   'get-intrinsic': [ '1.3.0' ],
15 silly audit   'get-proto': [ '1.0.1' ],
15 silly audit   'get-symbol-description': [ '1.1.0' ],
15 silly audit   getpass: [ '0.1.7' ],
15 silly audit   globalthis: [ '1.0.4' ],
15 silly audit   gopd: [ '1.2.0' ],
15 silly audit   'har-schema': [ '2.0.0' ],
15 silly audit   'har-validator': [ '5.1.5' ],
15 silly audit   'has-bigints': [ '1.1.0' ],
15 silly audit   'has-property-descriptors': [ '1.0.2' ],
15 silly audit   'has-proto': [ '1.2.0' ],
15 silly audit   'has-symbols': [ '1.1.0' ],
15 silly audit   'has-tostringtag': [ '1.0.2' ],
15 silly audit   hashery: [ '1.5.1' ],
15 silly audit   hasown: [ '2.0.4' ],
15 silly audit   hookified: [ '1.15.1', '2.2.0' ],
15 silly audit   'http-signature': [ '1.4.0', '1.2.0' ],
15 silly audit   ieee754: [ '1.2.1' ],
15 silly audit   inherits: [ '2.0.4' ],
15 silly audit   'internal-slot': [ '1.1.0' ],
15 silly audit   'is-array-buffer': [ '3.0.5' ],
15 silly audit   'is-async-function': [ '2.1.1' ],
15 silly audit   'is-bigint': [ '1.1.0' ],
15 silly audit   'is-boolean-object': [ '1.2.2' ],
15 silly audit   'is-callable': [ '1.2.7' ],
15 silly audit   'is-data-view': [ '1.0.2' ],
15 silly audit   'is-date-object': [ '1.1.0' ],
15 silly audit   'is-document.all': [ '1.0.0' ],
15 silly audit   'is-finalizationregistry': [ '1.1.1' ],
15 silly audit   'is-generator-function': [ '1.1.2' ],
15 silly audit   'is-map': [ '2.0.3' ],
15 silly audit   'is-negative-zero': [ '2.0.3' ],
15 silly audit   'is-number-object': [ '1.1.1' ],
15 silly audit   'is-regex': [ '1.2.1' ],
15 silly audit   'is-set': [ '2.0.3' ],
15 silly audit   'is-shared-array-buffer': [ '1.0.4' ],
15 silly audit   'is-string': [ '1.1.1' ],
15 silly audit   'is-symbol': [ '1.1.1' ],
15 silly audit   'is-typed-array': [ '1.1.15' ],
15 silly audit   'is-typedarray': [ '1.0.0' ],
15 silly audit   'is-weakmap': [ '2.0.2' ],
15 silly audit   'is-weakref': [ '1.1.1' ],
15 silly audit   'is-weakset': [ '2.0.4' ],
15 silly audit   isarray: [ '1.0.0', '2.0.5' ],
15 silly audit   isstream: [ '0.1.2' ],
15 silly audit   jsbn: [ '0.1.1' ],
15 silly audit   'json-schema': [ '0.4.0' ],
15 silly audit   'json-schema-traverse': [ '0.4.1' ],
15 silly audit   'json-stringify-safe': [ '5.0.1' ],
15 silly audit   jsprim: [ '2.0.2', '1.4.2' ],
15 silly audit   keyv: [ '5.6.0' ],
15 silly audit   libsignal: [ '6.0.0' ],
15 silly audit   lodash: [ '4.18.1' ],
15 silly audit   long: [ '5.3.2' ],
15 silly audit   'lru-cache': [ '11.5.3' ],
15 silly audit   'math-intrinsics': [ '1.1.0' ],
15 silly audit   'media-typer': [ '2.0.0' ],
15 silly audit   mime: [ '1.6.0' ],
15 silly audit   'mime-db': [ '1.52.0' ],
15 silly audit   'mime-types': [ '2.1.35' ],
15 silly audit   ms: [ '2.1.3' ],
15 silly audit   'music-metadata': [ '11.16.0' ],
15 silly audit   'node-cache': [ '5.1.2' ],
15 silly audit   'node-telegram-bot-api': [ '0.67.0' ],
15 silly audit   'oauth-sign': [ '0.9.0' ],
15 silly audit   'object-inspect': [ '1.13.4' ],
15 silly audit   'object-keys': [ '1.1.1' ],
15 silly audit   'object.assign': [ '4.1.7' ],
15 silly audit   'on-exit-leak-free': [ '2.1.2' ],
15 silly audit   once: [ '1.4.0' ],
15 silly audit   'own-keys': [ '1.0.2' ],
15 silly audit   'p-queue': [ '9.3.3' ],
15 silly audit   'p-timeout': [ '7.0.2' ],
15 silly audit   'performance-now': [ '2.1.0' ],
15 silly audit   'pino-std-serializers': [ '7.1.0' ],
15 silly audit   'possible-typed-array-names': [ '1.1.0' ],
15 silly audit   'process-nextick-args': [ '2.0.1' ],
15 silly audit   'process-warning': [ '5.1.0' ],
15 silly audit   protobufjs: [ '7.6.6' ],
15 silly audit   psl: [ '1.15.0' ],
15 silly audit   pump: [ '2.0.1' ],
15 silly audit   punycode: [ '2.3.1' ],
15 silly audit   qified: [ '0.10.1' ],
15 silly audit   qs: [ '6.14.2', '6.5.5' ],
15 silly audit   querystringify: [ '2.2.0' ],
15 silly audit   'quick-format-unescaped': [ '4.0.4' ],
15 silly audit   'readable-stream': [ '2.3.8' ],
15 silly audit   'safe-buffer': [ '5.1.2', '5.2.1' ],
15 silly audit   'real-require': [ '0.2.0', '1.0.0' ],
15 silly audit   'reflect.getprototypeof': [ '1.0.10' ],
15 silly audit   'regexp.prototype.flags': [ '1.5.4' ],
15 silly audit   request: [ '2.88.2' ],
15 silly audit   'request-promise-core': [ '1.1.3' ],
15 silly audit   uuid: [ '3.4.0', '8.3.2' ],
15 silly audit   'requires-port': [ '1.0.0' ],
15 silly audit   'safe-array-concat': [ '1.1.4' ],
15 silly audit   'safe-push-apply': [ '1.0.0' ],
15 silly audit   'safe-regex-test': [ '1.1.0' ],
15 silly audit   'safe-stable-stringify': [ '2.5.0' ],
15 silly audit   'safer-buffer': [ '2.1.2' ],
15 silly audit   semver: [ '7.8.5' ],
15 silly audit   'set-function-length': [ '1.2.2' ],
15 silly audit   'set-function-name': [ '2.0.2' ],
15 silly audit   'set-proto': [ '1.0.0' ],
15 silly audit   sharp: [ '0.35.4' ],
15 silly audit   'side-channel': [ '1.1.1' ],
15 silly audit   'side-channel-list': [ '1.0.1' ],
15 silly audit   'side-channel-map': [ '1.0.1' ],
15 silly audit   'side-channel-weakmap': [ '1.0.2' ],
15 silly audit   'sonic-boom': [ '4.2.1' ],
15 silly audit   split2: [ '4.2.0' ],
15 silly audit   sshpk: [ '1.18.0' ],
15 silly audit   'stealthy-require': [ '1.1.1' ],
15 silly audit   'stop-iteration-iterator': [ '1.1.0' ],
15 silly audit   string_decoder: [ '1.1.1' ],
15 silly audit   'string.prototype.trim': [ '1.2.11' ],
15 silly audit   'string.prototype.trimend': [ '1.0.10' ],
15 silly audit   'string.prototype.trimstart': [ '1.0.8' ],
15 silly audit   strtok3: [ '10.3.5' ],
15 silly audit   tldts: [ '6.1.86' ],
15 silly audit   'tldts-core': [ '6.1.86' ],
15 silly audit   'token-types': [ '6.1.2' ],
15 silly audit   tslib: [ '2.8.1' ],
15 silly audit   'tunnel-agent': [ '0.6.0' ],
15 silly audit   tweetnacl: [ '0.14.5' ],
15 silly audit   'typed-array-buffer': [ '1.0.3' ],
15 silly audit   'typed-array-byte-length': [ '1.0.3' ],
15 silly audit   'typed-array-byte-offset': [ '1.0.5' ],
15 silly audit   'typed-array-length': [ '1.0.8' ],
15 silly audit   'uint8array-extras': [ '1.5.0' ],
15 silly audit   'unbox-primitive': [ '1.1.0' ],
15 silly audit   'undici-types': [ '8.9.0' ],
15 silly audit   universalify: [ '0.2.0' ],
15 silly audit   'uri-js': [ '4.4.1' ],
15 silly audit   'url-parse': [ '1.5.10' ],
15 silly audit   'util-deprecate': [ '1.0.2' ],
15 silly audit   verror: [ '1.10.0' ],
15 silly audit   'whatsapp-rust-bridge': [ '0.5.4' ],
15 silly audit   'which-boxed-primitive': [ '1.1.1' ],
15 silly audit   'which-builtin-type': [ '1.2.1' ],
15 silly audit   'which-collection': [ '1.0.2' ],
15 silly audit   'which-typed-array': [ '1.1.24' ],
15 silly audit   'win-guid': [ '0.2.1' ],
15 silly audit   wrappy: [ '1.0.2' ],
15 silly audit   ws: [ '8.21.3' ]
15 silly audit }
16 http fetch POST 200 https://registry.npmjs.org/-/npm/v1/security/advisories/bulk 552ms
17 silly audit report {
17 silly audit report   'tough-cookie': [
17 silly audit report     {
17 silly audit report       id: 1097682,
17 silly audit report       url: 'https://github.com/advisories/GHSA-72xf-g2v4-qvf3',
17 silly audit report       title: 'tough-cookie Prototype Pollution vulnerability',
17 silly audit report       severity: 'moderate',
17 silly audit report       vulnerable_versions: '<4.1.3',
17 silly audit report       cwe: [Array],
17 silly audit report       cvss: [Object]
17 silly audit report     }
17 silly audit report   ],
17 silly audit report   'form-data': [
17 silly audit report     {
17 silly audit report       id: 1109540,
17 silly audit report       url: 'https://github.com/advisories/GHSA-fjxv-7rqg-78g4',
17 silly audit report       title: 'form-data uses unsafe random function in form-data for choosing boundary',
17 silly audit report       severity: 'critical',
17 silly audit report       vulnerable_versions: '<2.5.4',
17 silly audit report       cwe: [Array],
17 silly audit report       cvss: [Object]
17 silly audit report     },
17 silly audit report     {
17 silly audit report       id: 1120745,
17 silly audit report       url: 'https://github.com/advisories/GHSA-hmw2-7cc7-3qxx',
17 silly audit report       title: 'form-data: CRLF injection in form-data via unescaped multipart field names and filenames',
17 silly audit report       severity: 'high',
17 silly audit report       vulnerable_versions: '<2.5.6',
17 silly audit report       cwe: [Array],
17 silly audit report       cvss: [Object]
17 silly audit report     }
17 silly audit report   ],
17 silly audit report   qs: [
17 silly audit report     {
17 silly audit report       id: 1158506,
17 silly audit report       url: 'https://github.com/advisories/GHSA-x5fp-wj9c-mxmx',
17 silly audit report       title: 'qs array-limit bypass via bracket-key comma parsing',
17 silly audit report       severity: 'moderate',
17 silly audit report       vulnerable_versions: '>=6.14.2 <=6.15.3',
17 silly audit report       cwe: [Array],
17 silly audit report       cvss: [Object]
17 silly audit report     },
17 silly audit report     {
17 silly audit report       id: 1158507,
17 silly audit report       url: 'https://github.com/advisories/GHSA-4mjr-xmp4-gh2g',
17 silly audit report       title: 'qs: Denial of Service via Attacker Controlled isBuffer',
17 silly audit report       severity: 'moderate',
17 silly audit report       vulnerable_versions: '>=2.2.5 <6.16.0',
17 silly audit report       cwe: [Array],
17 silly audit report       cvss: [Object]
17 silly audit report     },
17 silly audit report     {
17 silly audit report       id: 1119502,
17 silly audit report       url: 'https://github.com/advisories/GHSA-q8mj-m7cp-5q26',
17 silly audit report       title: 'qs has a remotely triggerable DoS: qs.stringify crashes with TypeError on null/undefined entries in comma-format arrays when encodeValuesOnly is set',
17 silly audit report       severity: 'moderate',
17 silly audit report       vulnerable_versions: '>=6.11.1 <=6.15.1',
17 silly audit report       cwe: [Array],
17 silly audit report       cvss: [Object]
17 silly audit report     },
17 silly audit report     {
17 silly audit report       id: 1113719,
17 silly audit report       url: 'https://github.com/advisories/GHSA-6rw7-vpxm-498p',
17 silly audit report       title: "qs's arrayLimit bypass in its bracket notation allows DoS via memory exhaustion",
17 silly audit report       severity: 'moderate',
17 silly audit report       vulnerable_versions: '<6.14.1',
17 silly audit report       cwe: [Array],
17 silly audit report       cvss: [Object]
17 silly audit report     }
17 silly audit report   ],
17 silly audit report   request: [
17 silly audit report     {
17 silly audit report       id: 1096727,
17 silly audit report       url: 'https://github.com/advisories/GHSA-p8p7-x288-28g6',
17 silly audit report       title: 'Server-Side Request Forgery in Request',
17 silly audit report       severity: 'moderate',
17 silly audit report       vulnerable_versions: '<=2.88.2',
17 silly audit report       cwe: [Array],
17 silly audit report       cvss: [Object]
17 silly audit report     }
17 silly audit report   ],
17 silly audit report   uuid: [
17 silly audit report     {
17 silly audit report       id: 1119441,
17 silly audit report       url: 'https://github.com/advisories/GHSA-w5hq-g745-h8pq',
17 silly audit report       title: 'uuid: Missing buffer bounds check in v3/v5/v6 when buf is provided',
17 silly audit report       severity: 'moderate',
17 silly audit report       vulnerable_versions: '<11.1.1',
17 silly audit report       cwe: [Array],
17 silly audit report       cvss: [Object]
17 silly audit report     }
17 silly audit report   ]
17 silly audit report }
18 silly packumentCache corgi:https://registry.npmjs.org/tough-cookie cache-miss
19 silly packumentCache corgi:https://registry.npmjs.org/form-data cache-miss
20 silly packumentCache corgi:https://registry.npmjs.org/qs cache-miss
21 silly packumentCache corgi:https://registry.npmjs.org/request cache-miss
22 silly packumentCache corgi:https://registry.npmjs.org/uuid cache-miss
23 http fetch GET 200 https://registry.npmjs.org/tough-cookie 79ms (cache revalidated)
24 silly packumentCache corgi:https://registry.npmjs.org/tough-cookie set size:57569 disposed:false
25 http fetch GET 200 https://registry.npmjs.org/uuid 92ms (cache revalidated)
26 silly packumentCache corgi:https://registry.npmjs.org/uuid set size:84321 disposed:false
27 http fetch GET 200 https://registry.npmjs.org/form-data 102ms (cache revalidated)
28 silly packumentCache corgi:https://registry.npmjs.org/form-data set size:55002 disposed:false
29 http fetch GET 200 https://registry.npmjs.org/qs 109ms (cache revalidated)
30 silly packumentCache corgi:https://registry.npmjs.org/qs set size:149425 disposed:false
31 http fetch GET 200 https://registry.npmjs.org/request 925ms (cache revalidated)
32 silly packumentCache corgi:https://registry.npmjs.org/request set size:129997 disposed:false
33 silly packumentCache corgi:https://registry.npmjs.org/@cypress%2frequest cache-miss
34 http fetch GET 200 https://registry.npmjs.org/@cypress%2frequest 45ms (cache revalidated)
35 silly packumentCache corgi:https://registry.npmjs.org/@cypress%2frequest set size:43242 disposed:false
36 silly packumentCache corgi:https://registry.npmjs.org/request-promise-core cache-miss
37 http fetch GET 200 https://registry.npmjs.org/request-promise-core 26ms (cache revalidated)
38 silly packumentCache corgi:https://registry.npmjs.org/request-promise-core set size:6997 disposed:false
39 silly packumentCache corgi:https://registry.npmjs.org/@cypress%2frequest-promise cache-miss
40 http fetch GET 200 https://registry.npmjs.org/@cypress%2frequest-promise 55ms (cache revalidated)
41 silly packumentCache corgi:https://registry.npmjs.org/@cypress%2frequest-promise set size:4166 disposed:false
42 silly packumentCache corgi:https://registry.npmjs.org/node-telegram-bot-api cache-miss
43 http fetch GET 200 https://registry.npmjs.org/node-telegram-bot-api 34ms (cache revalidated)
44 silly packumentCache corgi:https://registry.npmjs.org/node-telegram-bot-api set size:101968 disposed:false
45 warn install-scripts 2 packages had install scripts blocked because they are not covered by allowScripts:
45 warn install-scripts   @whiskeysockets/baileys@7.0.0-rc14 (preinstall: node ./engine-requirements.js)
45 warn install-scripts   protobufjs@7.6.6 (postinstall: node scripts/postinstall)
45 warn install-scripts
45 warn install-scripts Run `npm install-scripts ls` to review, or `npm install-scripts approve <pkg>` to allow.
46 verbose cwd /home/container
47 verbose os Linux 6.17.0-1018-oracle
48 verbose node v24.21.0
49 verbose npm  v12.0.2
50 verbose exit 0
51 info ok
